0x31	O2CylinderPressureLowWithoutWallSupply
0x32	O2CylinderEmptyWithoutWallSupply
0x33	O2CylinderNotConnected
0x34	N2OCylinderEmpty
0x35	N2ODeliveryFailure
0x36	O2DeliveryFailure
0x37	AIRDeliveryFailure
0x38	SetFreshGasFlowNotAttained
0x39	InternalExternalSwitchoverValveError
0x3A	InspN2OHigh
0x6A	CircleOccluded
0x8D	BreathingSystemDisconnected
0x91	LossOfData
0x93	ApneaVentilation
0x9C	CircleLeakage
0xA0	VentNotInLockedPosition
0xA1	PowerSupplyError
0xA2	ExpHalothaneExceedsHighLimit
0xA3	ExpEnfluraneExceedsHighLimit
0xA4	ExpIsofluraneExceedsHighLimit
0xA5	ExpDesfluraneExceedsHighLimit
0xA6	ExpSevofluraneExceedsHighLimit
0xA7	SetTidalVolumeNotAttained
0xA8	InspFlowSensorInoperable
0xA9	SettingCanceled
0xAC	FreshGasFlowTooHigh
0xAD	FreshGasFlowActive
0xAF	OxygenCylinderOpen
0xB0	N2OCylinderOpen
0xB1	AirCylinderOpen
0xB2	N2OCylinderSensorNotConnected
0xB3	AirCylinderSensorNotConnected
0xB4	O2CylinderSensorNotConnected
0xB5	AirCylinderPressureLow
0xC7	AirFreshGasFlowMeasurementInoperable
0xC8	O2FreshGasFlowMeasurementInoperable
0xC9	N2OFreshGasFlowMeasurementInoperable
0xCA	NoAirSupply
0xCB	NoN2OSupply