0x00	ApneaCombinedSource
0x01	NoSpO2Pulse10Seconds
0x02	SpO2PulseBelowLowLimit
0x07	O2SatBelowLowLimit
0x08	InpiredOxygenBelowLowLimit
0x09	InspHalothaneExceedsHighLimit
0x0B	InspEnfluraneExceedsHighLimit
0x0C	InspIsofluraneExceedsHighLimit
0x0D	ApneaNoCO2Fluct30Seconds
0x0E	ApneaNoVolumeExhaled30Seconds
0x0F	ApneaPressureAbsent15Seconds
0x10	AirwayPressureExceedsHighLimit
0x11	CheckGasSupply
0x12	CheckAirSupply
0x13	CheckO2Supply
0x19	MinuteVolumeBelowLowLimit
0x1E	SpO2PulseExceedsHighLimit
0x1F	InspSevofluraneExceedsHighLimit
0x22	O2SatExceedsHighLimit
0x24	InspDesfluraneExceedsHighLimit
0x27	EndTidalCO2BelowLowLimit
0x28	EndTidalCO2ExceedsHighLimit
0x29	InspHalothaneBelowLowLimit
0x2A	InspEnfluraneBelowLowLimit
0x2B	InspIsofluraneBelowLowLimit
0x2C	InspDesfluraneBelowLowLimit
0x32	InspSevofluraneBelowLowLimit
0x33	VolumeNotConstant
0x35	SpO2SensorDisconnectedOrFault
0x37	PercentOxygenExceedsHighLimit
0x3A	AssistedSpontaneousBreathingExceeds4Seconds
0x3C	InspCO2ExceedsHighLimit
0x3D	CO2PatientSensorLineBlocked
0x40	TachyapenaAlarmDisabled
0x42	CheckFlowSensor
0x4B	BatteryLow
0x57	CO2AlarmDisabled
0x5B	OximeterAlarmDisabled
0x5E	VolumeAlarmDisabled
0x63	CO2MonInLowAccMode
0x64	CO2WindowOccluded
0x65	PrimarySpeakerFailure
0x66	MixedAgentDetected
0x67	MultigasMonitorDeviceFailure
0x68	OximeterDeviceFailure
0x69	N2OMeasurementInoperable
0x6A	CO2DeviceFailure
0x6E	AgentMeasurementInoperable
0x78	CommunicationErrorRS232Port2
0x79	CommunicationErrorRS232Port1
0x7C	InternalCommunicationError
0x90	RespiratoryRateExceedsHighLimit
0x98	ApnoeDetectedByEvita
0x9A	DisconnectionVentilator
0x9B	MinuteVolumeExceedsHighLimit
0x9F	ProblemsWithRespirator
0xA0	VentCommunicationLost
0xA1	InspiredOxygenMeasurementInoperable
0xA3	MeanAirwayPressureBelowMinus2mbar
0xA4	VolumeMeasurementInoperable
0xAC	MinVolAlarmDisabled
0xAD	PressureMeasurementInoperable
0xB0	CheckExpirationValve
0xB7	TooHighRespiratorDeviceTemp
0xB8	AirwayTemperatureMeasurementInoperable
0xB9	CheckAirwayTemperatureSensor
0xBA	AirwayTemperatureExceedsHighLimit
0xBB	SighModeActive
0xBC	BreathingSystemVented
0xBD	CheckOxygenSupply
0xBE	OxygenMeasurementInoperable
0xBF	InpiredOxygenExceedsHighLimit
0xC0	InspiredOxygenBelowLowLimit
0xC1	FlowMeasurementInoperable
0xC2	GasMixerInoperableAdvisory
0xC3	TimeLimitedRespiratoryVolume
0xC4	PressureLimitedRespiratoryVolume
0xC5	HighRespiratorDeviceTemp
0xC6	RespiratorSynchronizationInoperable
0xC7	FailToCycle
0xC8	FreshGasDeliveryFailure
0xC9	InternalTemperatureHigh
0xCA	FanFailure
0xD9	CO2SensorDisconnectedOrFault
0xDA	PEEPHighPressureLimit
0xE8	TidalVolumeExceedsHighLimit
0xEA	NeoVolumeMeasurementInoperable
0xED	CheckN2OSupply
0xEE	TwoAgentsDetected
0xEF	PowerFail
0xF1	CheckSettingOfPmax
0xF4	O2SafetyFlowOpenDuringNormalOperation
0xF7	InspCO2AlarmsOff
0xF8	PEEPExceedsPressureThreshold15Seconds