0x01	VentModeIPPV
0x02	VentModeIPPVAssist
0x04	VentModeCPPV
0x05	VentModeCPPVAssist
0x06	VentModeSIMV
0x07	VentModeSIMVASB
0x08	SB
0x09	ASB
0x0A	CPAP
0x0B	CPAP_ASB
0x0C	MMV
0x0D	MMV_ASB
0x0E	BIPAP
0x0F	SYNCHRON_MASTER
0x10	SYNCHRON_SLAVE
0x11	APNEA_VENTILATION
0x12	DS
0x18	BIPAP_SMV
0x19	BIPAP_SMV_ASB
0x1A	BIPAP_APRV
0x1E	VentStandby
0x20	Adults
0x21	Neonates
0x22	CO2InmmHg
0x23	CO2InkPa
0x24	CO2InPercent
0x25	AnesGasHalothane
0x26	AnesGasEnflurane
0x27	AnesGasIsoflurane
0x28	AnesGasDesflurane
0x29	AnesGasSevoflurane
0x2A	NoAnesGas
0x2B	VentModeManualSpont
0x2C	SelectedLanguage
0x34	VentModePCV
0x36	VentModeFreshGasExt
0x37	CarrierGasAir
0x38	CarrierGasN2O
0x4A	AnesGas2Halothane
0x4B	AnesGas2Enflurane
0x4C	AnesGas2Isoflurane
0x4D	AnesGas2Desflurane
0x4E	AnesGas2Sevoflurane
0x4F	NoAnesGas2
0x53	PerformingLeakageTest
0x54	DeviceInStandby
0x56	AgentUnitkPa
0x57	AgentUnitPct
0x58	HLMModeActive
0x59	VolumeMode
0x5A	PressureMode
0x5B	PressureSupportMode
0x5C	PressureSupportAdded
0x5D	SyncIntermittentVent