NOM_PULS_OXIM_SAT_O2	MDC_PULS_OXIM_SAT_O2	NLS_NOM_PULS_OXIM_SAT_O2	N
NOM_PLETH_PULS_RATE	MDC_PULS_OXIM_PULS_RATE	NLS_NOM_PULS_OXIM_PULS_RATE	N
# This is the named numeric we want in the priority list
NOM_PRESS_BLD_NONINV	MDC_PRESS_BLD_NONINV	NLS_NOM_PRESS_BLD_NONINV	N
# These will be elements of the compound observed value for that numeric
NOM_PRESS_BLD_NONINV_DIA	MDC_PRESS_CUFF_DIA	NLS_NOM_PRESS_BLD_NONINV	N
NOM_PRESS_BLD_NONINV_SYS	MDC_PRESS_CUFF_SYS	NLS_NOM_PRESS_BLD_NONINV	N
NOM_PRESS_BLD_NONINV_PULS_RATE	MDC_PULS_RATE_NON_INV	NLS_NOM_PRESS_BLD_NONINV_PULS_RATE	N
NOM_PLETH	MDC_PULS_OXIM_PLETH	NLS_NOM_PULS_OXIM_PLETH	W
#NOM_ECG_ELEC_POTL_I	MDC_ECG_AMPL_ST_I	NLS_NOM_ECG_ELEC_POTL_I	W
#NOM_ECG_ELEC_POTL_II	MDC_ECG_AMPL_ST_II	NLS_NOM_ECG_ELEC_POTL_II	W
#NOM_ECG_ELEC_POTL_III	MDC_ECG_AMPL_ST_III	NLS_NOM_ECG_ELEC_POTL_III	W
#NOM_ECG_ELEC_POTL_AVF	MDC_ECG_AMPL_ST_AVF	NLS_NOM_ECG_ELEC_POTL_AVF	W
#NOM_ECG_ELEC_POTL_AVL	MDC_ECG_AMPL_ST_AVL	NLS_NOM_ECG_ELEC_POTL_AVL	W
#NOM_ECG_ELEC_POTL_AVR	MDC_ECG_AMPL_ST_AVR	NLS_NOM_ECG_ELEC_POTL_AVR	W
#NOM_ECG_ELEC_POTL_V2	MDC_ECG_AMPL_ST_V2	NLS_NOM_ECG_ELEC_POTL_V2	W
#NOM_ECG_ELEC_POTL_V5	MDC_ECG_AMPL_ST_V5	NLS_NOM_ECG_ELEC_POTL_V5	W
NOM_PRESS_BLD_ART_ABP	MDC_PRESS_BLD_ART_ABP	NLS_NOM_PRESS_BLD_ART_ABP	W
NOM_AWAY_RESP_RATE	MDC_RESP_RATE	NLS_NOM_AWAY_RESP_RATE	N
NOM_AWAY_CO2	MDC_CAPNOGRAPH	NLS_NOM_AWAY_CO2	W

