NOM_VOL_MINUTE_AWAY	MDC_VOL_MINUTE_AWAY	NLS_NOM_VOL_MINUTE_AWAY	N
NOM_VOL_AWAY_TIDAL	MDC_VOL_AWAY_TIDAL	NLS_NOM_VOL_AWAY_TIDAL	N
NOM_VENT_RESP_RATE	MDC_VENT_RESP_RATE	NLS_NOM_VENT_RESP_RATE	N
NOM_AWAY_RESP_RATE	MDC_AWAY_RESP_RATE	NLS_NOM_AWAY_RESP_RATE	N
NOM_RESP_RATE_SPONT	MDC_RESP_RATE_SPONT	NLS_NOM_RESP_RATE_SPONT	N
NOM_VENT_RESP_RATE_MAND	MDC_VENT_RESP_RATE_MAND	NLS_NOM_VENT_RESP_RATE_MAND	N
NOM_RESP_RATE	MDC_RESP_RATE	NLS_NOM_RESP_RATE	N
NOM_AWAY_CO2_ET	MDC_AWAY_CO2_ET	NLS_NOM_AWAY_CO2	N
NOM_PULS_OXIM_SAT_O2	MDC_PULS_OXIM_SAT_O2	NLS_NOM_PULS_OXIM_SAT_O2	N
NOM_PLETH_PULS_RATE	MDC_PULS_OXIM_PULS_RATE	NLS_NOM_PULS_OXIM_PULS_RATE	N
#NOM_PULS_RATE	MDC_PULS_RATE	NLS_NOM_PULS_RATE	N
NOM_ECG_CARD_BEAT_RATE	MDC_ECG_HEART_RATE	NLS_NOM_ECG_CARD_BEAT_RATE	N
# This is the named numeric we want in the priority list
NOM_PRESS_BLD_NONINV	MDC_PRESS_BLD_NONINV	NLS_NOM_PRESS_BLD_NONINV	N
# These will be elements of the compound observed value for that numeric
NOM_PRESS_BLD_NONINV_DIA	MDC_PRESS_CUFF_DIA	NLS_NOM_PRESS_BLD_NONINV	N
NOM_PRESS_BLD_NONINV_SYS	MDC_PRESS_CUFF_SYS	NLS_NOM_PRESS_BLD_NONINV	N
NOM_PRESS_BLD_NONINV_PULS_RATE	MDC_PULS_RATE_NON_INV	NLS_NOM_PRESS_BLD_NONINV_PULS_RATE	N
NOM_PRESS_BLD_NONINV_MEAN	MDC_PRESS_BLD_NONINV_MEAN	NLS_NOM_PRESS_BLD_NONINV	N
NOM_RESP	MDC_IMPED_TTHOR	NLS_NOM_RESP	W
NOM_AWAY_CO2	MDC_AWAY_CO2	NLS_NOM_AWAY_CO2	W
NOM_PLETH	MDC_PULS_OXIM_PLETH	NLS_NOM_PULS_OXIM_PLETH	W
NOM_ECG_ELEC_POTL_I	MDC_ECG_LEAD_I	NLS_NOM_ECG_ELEC_POTL_I	W
NOM_ECG_ELEC_POTL_II	MDC_ECG_LEAD_II	NLS_NOM_ECG_ELEC_POTL_II	W
NOM_ECG_ELEC_POTL_III	MDC_ECG_LEAD_III	NLS_NOM_ECG_ELEC_POTL_III	W
#NOM_ECG_ELEC_POTL_AVF	MDC_ECG_LEAD_AVF	NLS_NOM_ECG_ELEC_POTL_AVF	W
#NOM_ECG_ELEC_POTL_AVL	MDC_ECG_LEAD_AVL	NLS_NOM_ECG_ELEC_POTL_AVL	W
#NOM_ECG_ELEC_POTL_AVR	MDC_ECG_LEAD_AVR	NLS_NOM_ECG_ELEC_POTL_AVR	W
#NOM_ECG_ELEC_POTL_V2	MDC_ECG_LEAD_V2	NLS_NOM_ECG_ELEC_POTL_V2	W
#NOM_ECG_ELEC_POTL_V5	MDC_ECG_LEAD_V5	NLS_NOM_ECG_ELEC_POTL_V5	W
NOM_PRESS_BLD_ART_ABP	MDC_PRESS_BLD_ART_ABP	NLS_NOM_PRESS_BLD_ART_ABP	W
#NOM_PRESS_BLD_ART	MDC_PRESS_BLD_ART	NLS_NOM_PRESS_BLD_ART	W


