RealtimeData.AirwayPressure	rosetta.MDC_PRESS_AWAY	W
RealtimeData.FlowInspExp	rosetta.MDC_FLOW_AWAY	W
#RealtimeData.O2InspExp	rosetta.MDC_FLOW_O2_CONSUMP	W
RealtimeData.ExpiratoryCO2mmHg	rosetta.MDC_CONC_AWAY_CO2_ET	W
Setting.ApneaTime	rosetta.MDC_TIME_PD_APNEA	N
MeasuredDataCP1.PulseRate	rosetta.MDC_PULS_OXIM_PULS_RATE	N
Setting.InspiratoryTime	ice.MDC_TIME_PD_INSPIRATORY	N
Setting.FrequencyIPPV	ice.MDC_VENT_TIME_PD_PPV	N
#Setting.IntermittentPEEP	Ventilator.INTERMITTENT_PEEP
#Setting.ASBRamp	Ventilator.ASB_RAMP
#Setting.InspiratoryPressure	Ventilator.INSPIRATORY_PRESSURE
#Setting.Age	Demographics.AGE
#Setting.InspTidalVolume	Ventilator.INSP_TIDAL_VOLUME
#Setting.PressureSupportPressure	Ventilator.PRESSURE_SUPPORT_PRESSURE
#Setting.MaxInspirationAirwayPressure	Ventilator.MAX_INSPIRATION_AIRWAY_PRESSURE
#Setting.InspPause_InspTime	Ventilator.INSP_PAUSE_INSP_TIME
#Setting.FlowTrigger	Ventilator.FLOW_TRIGGER
#MeasuredDataCP1.InspAgentkPa	Ventilator.INSP_AGENT_KPA
#MeasuredDataCP1.ExpAgentkPa	Ventilator.EXP_AGENT_KPA
#MeasuredDataCP1.AmbientPressure	Ventilator.AMBIENT_PRESSURE
#MeasuredDataCP1.MeanBreathingPressure	Ventilator.MEAN_BREATHING_PRESSURE
#MeasuredDataCP1.PlateauPressure	Ventilator.PLATEAU_PRESSURE
#MeasuredDataCP1.PEEPBreathingPressure	Ventilator.PEEP_BREATHING_PRESSURE
#MeasuredDataCP1.PeakBreathingPressure	Ventilator.PEAK_BREATHING_PRESSURE
#MeasuredDataCP1.TidalVolume	Ventilator.TIDAL_VOLUME
#MeasuredDataCP1.InspMAC	Ventilator.INSP_MAC
#MeasuredDataCP1.ExpMAC	Ventilator.EXP_MAC
#MeasuredDataCP1.RespiratoryRatePressure	Ventilator.RESPIRATORY_RATE_PRESSURE
#MeasuredDataCP1.RespiratoryMinuteVolumeFrac	Ventilator.RESPIRATORY_MINUTE_VOLUME_FRAC
#MeasuredDataCP1.ApneaDuration	Ventilator.APNEA_DURATION
#MeasuredDataCP1.DeltaO2	Ventilator.DELTA_O2
#MeasuredDataCP1.ComplianceFrac	Ventilator.COMPLIANCE_FRAC
#MeasuredDataCP1.RespiratoryRateVolumePerFlow	Ventilator.RESPIRATORY_RATE_VOLUME_PER_FLOW
#MeasuredDataCP1.RespiratoryRateDerived	Ventilator.RESPIRATORY_RATE_DERIVED
#MeasuredDataCP1.InspCO2Pct	Ventilator.INSP_CO2_PCT
#MeasuredDataCP1.InspCO2mmHg	Ventilator.INSP_CO2_MMHG
#MeasuredDataCP1.EndTidalCO2Percent	Ventilator.END_TIDAL_CO2_PERCENT
#MeasuredDataCP1.EndTidalCO2kPa	Ventilator.END_TIDAL_CO2_KPA  N
MeasuredDataCP1.EndTidalCO2mmHg	rosetta.MDC_AWAY_CO2_EXP N
#MeasuredDataCP1.InspAgentPct	Ventilator.INSP_AGENT_PCT
#MeasuredDataCP1.ExpAgentPct	Ventilator.EXP_AGENT_PCT
#MeasuredDataCP1.ExpO2	Ventilator.EXP_O2
#MeasuredDataCP1.InspO2	Ventilator.INSP_O2
#MeasuredDataCP1.InspN2OPct	Ventilator.INSP_N2O_PCT
#MeasuredDataCP1.ExpN2OPct	Ventilator.EXP_N2O_PCT
#MeasuredDataCP1.InspCO2kPa	Ventilator.INSP_CO2_KPA
#MeasuredDataCP1.RespiratoryRate	Ventilator.RESPIRATORY_RATE
